#
# There is insufficient memory for the Java Runtime Environment to continue.
# Native memory allocation (mmap) failed to map 264241152 bytes for G1 virtual space
# Possible reasons:
#   The system is out of physical RAM or swap space
#   The process is running with CompressedOops enabled, and the Java Heap may be blocking the growth of the native heap
# Possible solutions:
#   Reduce memory load on the system
#   Increase physical memory or swap space
#   Check if swap backing store is full
#   Decrease Java heap size (-Xmx/-Xms)
#   Decrease number of Java threads
#   Decrease Java thread stack sizes (-Xss)
#   Set larger code cache with -XX:ReservedCodeCacheSize=
#   JVM is running with Zero Based Compressed Oops mode in which the Java heap is
#     placed in the first 32GB address space. The Java Heap base address is the
#     maximum limit for the native heap growth. Please use -XX:HeapBaseMinAddress
#     to set the Java Heap base and to place the Java Heap above 32GB virtual address.
# This output file may be truncated or incomplete.
#
#  Out of Memory Error (os_windows.cpp:3550), pid=21608, tid=22556
#
# JRE version:  (17.0.8+9) (build )
# Java VM: Java HotSpot(TM) 64-Bit Server VM (17.0.8+9-LTS-211, mixed mode, sharing, tiered, compressed oops, compressed class ptrs, g1 gc, windows-amd64)
# No core dump will be written. Minidumps are not enabled by default on client versions of Windows
#

---------------  S U M M A R Y ------------

Command Line: -Dmaven.home=D:\Software\apache-maven-3.9.3 -Dclassworlds.conf=D:\PROFESSIONALIT_GitRepository_WorkSpace\PIJRTP07_StockeMarket_Backend_API_Workspace\.metadata\.plugins\org.eclipse.m2e.launching\launches\m2conf1891052423997811619.tmp -Dmaven.multiModuleProjectDirectory=D:\PROFESSIONALIT_GitRepository_WorkSpace\PIJRTP07_StockeMarket_Backend_API_Workspace\sma-order-service -Dfile.encoding=UTF-8 -Dstdout.encoding=UTF-8 -Dstderr.encoding=UTF-8 -XX:+ShowCodeDetailsInExceptionMessages -agentpath:D:/Installation/Dynatrace/agent/bin/1.343.92.20260813-103442/windows-x86-64/oneagentjava.dll=loglevelcon=none,datastorage=C:\ProgramData\dynatrace\oneagent\datastorage,logdir=C:/ProgramData/dynatrace/oneagent/log org.codehaus.plexus.classworlds.launcher.Launcher -Ppom.xml -B -Dstyle.color=always -s D:\PROFESSIONALIT_GitRepository_WorkSpace\PIJRTP07_StockeMarket_Backend_API_Workspace\settings.xml install

Host: 12th Gen Intel(R) Core(TM) i5-12450H, 12 cores, 15G,  Windows 11 , 64 bit Build 26100 (10.0.26100.8972)
Time: Wed Aug 26 19:19:33 2026 India Standard Time elapsed time: 2.712834 seconds (0d 0h 0m 2s)

---------------  T H R E A D  ---------------

Current thread (0x000001842a85c4a0):  JavaThread "Unknown thread" [_thread_in_vm, id=22556, stack(0x0000003b3bb00000,0x0000003b3bc00000)]

Stack: [0x0000003b3bb00000,0x0000003b3bc00000]
Native frames: (J=compiled Java code, j=interpreted, Vv=VM code, C=native code)
V  [jvm.dll+0x677d0a]
V  [jvm.dll+0x7d8c54]
V  [jvm.dll+0x7da3fe]
V  [jvm.dll+0x7daa63]
V  [jvm.dll+0x245c5f]
V  [jvm.dll+0x674bb9]
V  [jvm.dll+0x6694f2]
V  [jvm.dll+0x3031d6]
V  [jvm.dll+0x30a756]
V  [jvm.dll+0x359f9e]
V  [jvm.dll+0x35a1cf]
V  [jvm.dll+0x2da3e8]
V  [jvm.dll+0x2db354]
V  [jvm.dll+0x7aa711]
V  [jvm.dll+0x367b51]
V  [jvm.dll+0x789979]
V  [jvm.dll+0x3eb05f]
V  [jvm.dll+0x3ecae1]
C  [oneagentproc.dll+0x920a]
C  [oneagentproc.dll+0xe933]
C  [jli.dll+0x5297]
C  [ucrtbase.dll+0x2cd30]
C  [KERNEL32.DLL+0x2ccb7]
C  [ntdll.dll+0xaad6c]


---------------  P R O C E S S  ---------------

Threads class SMR info:
_java_thread_list=0x00007ff8c58c59d8, length=0, elements={
}

Java Threads: ( => current thread )

Other Threads:
  0x000001843296bef0 GCTaskThread "GC Thread#0" [stack: 0x0000003b3c800000,0x0000003b3c900000] [id=20192]
  0x0000018432a1ab20 ConcurrentGCThread "G1 Main Marker" [stack: 0x0000003b3c900000,0x0000003b3ca00000] [id=960]
  0x000001843294e850 ConcurrentGCThread "G1 Conc#0" [stack: 0x0000003b3ca00000,0x0000003b3cb00000] [id=14600]

[error occurred during error reporting (printing all threads), id 0xc0000005, EXCEPTION_ACCESS_VIOLATION (0xc0000005) at pc=0x00007ff8c50fb047]

VM state: not at safepoint (not fully initialized)

VM Mutex/Monitor currently owned by a thread:  ([mutex/lock_event])
[0x000001843348fa90] Heap_lock - owner thread: 0x000001842a85c4a0

Heap address: 0x0000000704800000, size: 4024 MB, Compressed Oops mode: Zero based, Oop shift amount: 3

CDS archive(s) mapped at: [0x0000000000000000-0x0000000000000000-0x0000000000000000), size 0, SharedBaseAddress: 0x0000000800000000, ArchiveRelocationMode: 1.
Narrow klass base: 0x0000000000000000, Narrow klass shift: 0, Narrow klass range: 0x0

GC Precious Log:
<Empty>

Heap:
 garbage-first heap   total 0K, used 0K [0x0000000704800000, 0x0000000800000000)
  region size 2048K, 0 young (0K), 0 survivors (0K)

[error occurred during error reporting (printing heap information), id 0xc0000005, EXCEPTION_ACCESS_VIOLATION (0xc0000005) at pc=0x00007ff8c54e1499]

GC Heap History (0 events):
No events

Deoptimization events (0 events):
No events

Classes unloaded (0 events):
No events

Classes redefined (0 events):
No events

Internal exceptions (0 events):
No events

VM Operations (0 events):
No events

Events (2 events):
Event: 1.631 Loaded shared library D:\Installation\JAVA17\bin\java.dll
Event: 1.633 Loaded shared library D:\Installation\JAVA17\bin\zip.dll


Dynamic libraries:
0x00007ff794e20000 - 0x00007ff794e30000 	D:\Installation\JAVA17\bin\javaw.exe
0x00007ff902e60000 - 0x00007ff9030c6000 	C:\WINDOWS\SYSTEM32\ntdll.dll
0x00007ff901bc0000 - 0x00007ff901c89000 	C:\WINDOWS\System32\KERNEL32.DLL
0x00007ff900780000 - 0x00007ff900b7f000 	C:\WINDOWS\System32\KERNELBASE.dll
0x00007ff900210000 - 0x00007ff90035c000 	C:\WINDOWS\System32\ucrtbase.dll
0x00007ff8c5c60000 - 0x00007ff8c5c79000 	D:\Installation\JAVA17\bin\jli.dll
0x00007ff8c9390000 - 0x00007ff8c93ab000 	D:\Installation\JAVA17\bin\VCRUNTIME140.dll
0x00007ff901e10000 - 0x00007ff901ecc000 	C:\WINDOWS\System32\ADVAPI32.dll
0x00007ff901ab0000 - 0x00007ff901b59000 	C:\WINDOWS\System32\msvcrt.dll
0x00007ff901740000 - 0x00007ff9017e9000 	C:\WINDOWS\System32\sechost.dll
0x00007ff902950000 - 0x00007ff902a68000 	C:\WINDOWS\System32\RPCRT4.dll
0x00007ff900c30000 - 0x00007ff900df6000 	C:\WINDOWS\System32\USER32.dll
0x00007ff900070000 - 0x00007ff900097000 	C:\WINDOWS\System32\win32u.dll
0x00007ff8e4140000 - 0x00007ff8e43d1000 	C:\WINDOWS\WinSxS\amd64_microsoft.windows.common-controls_6595b64144ccf1df_6.0.26100.8972_none_3e0da176e32f9d4b\COMCTL32.dll
0x00007ff900eb0000 - 0x00007ff900edb000 	C:\WINDOWS\System32\GDI32.dll
0x00007ff900370000 - 0x00007ff900499000 	C:\WINDOWS\System32\gdi32full.dll
0x00007ff9000a0000 - 0x00007ff900143000 	C:\WINDOWS\System32\msvcp_win.dll
0x00007ff8f7290000 - 0x00007ff8f729b000 	C:\WINDOWS\SYSTEM32\VERSION.dll
0x00007ff901cc0000 - 0x00007ff901cf2000 	C:\WINDOWS\System32\IMM32.DLL
0x00007ff87f610000 - 0x00007ff87f88a000 	D:\Installation\Dynatrace\agent\bin\1.343.92.20260813-103442\windows-x86-64\oneagentproc.dll
0x00007ff900ba0000 - 0x00007ff900c22000 	C:\WINDOWS\System32\WS2_32.dll
0x00007ff8c9880000 - 0x00007ff8c988c000 	D:\Installation\JAVA17\bin\vcruntime140_1.dll
0x00007ff8c59f0000 - 0x00007ff8c5a7e000 	D:\Installation\JAVA17\bin\msvcp140.dll
0x00007ff8c4e10000 - 0x00007ff8c59ee000 	D:\Installation\JAVA17\bin\server\jvm.dll
0x00007ff900b90000 - 0x00007ff900b98000 	C:\WINDOWS\System32\PSAPI.DLL
0x00007ff8cba00000 - 0x00007ff8cba0a000 	C:\WINDOWS\SYSTEM32\WSOCK32.dll
0x00007ff8f5200000 - 0x00007ff8f5236000 	C:\WINDOWS\SYSTEM32\WINMM.dll
0x00007ff8feae0000 - 0x00007ff8feafb000 	C:\WINDOWS\SYSTEM32\kernel.appcore.dll
0x00007ff8c9820000 - 0x00007ff8c982a000 	D:\Installation\JAVA17\bin\jimage.dll
0x00007ff8fcf80000 - 0x00007ff8fd1c2000 	C:\WINDOWS\SYSTEM32\DBGHELP.DLL
0x00007ff902a70000 - 0x00007ff902df5000 	C:\WINDOWS\System32\combase.dll
0x00007ff9017f0000 - 0x00007ff9018c9000 	C:\WINDOWS\System32\OLEAUT32.dll
0x00007ff8de020000 - 0x00007ff8de05b000 	C:\WINDOWS\SYSTEM32\dbgcore.DLL
0x00007ff9004a0000 - 0x00007ff90054c000 	C:\WINDOWS\System32\bcryptPrimitives.dll
0x00007ff87b8a0000 - 0x00007ff87d0d5000 	D:\Installation\Dynatrace\agent\bin\1.343.92.20260813-103442\windows-x86-64\oneagentjava.dll
0x00007ff9005f0000 - 0x00007ff90076e000 	C:\WINDOWS\System32\CRYPT32.dll
0x00007ff901510000 - 0x00007ff9016a9000 	C:\WINDOWS\System32\ole32.dll
0x00007ff8fe510000 - 0x00007ff8fe543000 	C:\WINDOWS\SYSTEM32\IPHLPAPI.DLL
0x00007ff8fc6f0000 - 0x00007ff8fc6fd000 	C:\WINDOWS\SYSTEM32\Secur32.dll
0x00007ff8ffed0000 - 0x00007ff8fff2e000 	C:\WINDOWS\SYSTEM32\POWRPROF.dll
0x00007ff8ff3a0000 - 0x00007ff8ff3ac000 	C:\WINDOWS\SYSTEM32\CRYPTBASE.DLL
0x00007ff8fed90000 - 0x00007ff8fedd9000 	C:\WINDOWS\SYSTEM32\SSPICLI.DLL
0x00007ff8ffeb0000 - 0x00007ff8ffec5000 	C:\WINDOWS\SYSTEM32\UMPDC.dll
0x00007ff8fec10000 - 0x00007ff8fec46000 	C:\WINDOWS\SYSTEM32\ntmarta.dll
0x00007ff8c8fc0000 - 0x00007ff8c8fd8000 	C:\WINDOWS\system32\napinsp.dll
0x00007ff8ff090000 - 0x00007ff8ff0fc000 	C:\WINDOWS\System32\mswsock.dll
0x00007ff8fe550000 - 0x00007ff8fe6a8000 	C:\WINDOWS\SYSTEM32\DNSAPI.dll
0x00007ff8fee90000 - 0x00007ff8fee9d000 	C:\WINDOWS\SYSTEM32\DSPARSE.dll
0x00007ff901e00000 - 0x00007ff901e0a000 	C:\WINDOWS\System32\NSI.dll
0x00007ff8c71c0000 - 0x00007ff8c71d3000 	C:\WINDOWS\System32\winrnr.dll
0x00007ff8c7190000 - 0x00007ff8c71b2000 	C:\WINDOWS\system32\nlansp_c.dll
0x00007ff8f7670000 - 0x00007ff8f7686000 	C:\WINDOWS\system32\wshbth.dll
0x00007ff8f8850000 - 0x00007ff8f886d000 	C:\WINDOWS\SYSTEM32\dhcpcsvc6.DLL
0x00007ff8f8820000 - 0x00007ff8f8845000 	C:\WINDOWS\SYSTEM32\dhcpcsvc.DLL
0x00007ff8f7660000 - 0x00007ff8f766b000 	C:\Windows\System32\rasadhlp.dll
0x00007ff8f8c20000 - 0x00007ff8f8ca6000 	C:\WINDOWS\System32\fwpuclnt.dll
0x00007ff8ff380000 - 0x00007ff8ff39b000 	C:\WINDOWS\SYSTEM32\CRYPTSP.dll
0x00007ff8fea40000 - 0x00007ff8fea79000 	C:\WINDOWS\system32\rsaenh.dll
0x00007ff8c6b50000 - 0x00007ff8c6b75000 	D:\Installation\JAVA17\bin\java.dll
0x00007ff8e1c60000 - 0x00007ff8e1c78000 	D:\Installation\JAVA17\bin\zip.dll

dbghelp: loaded successfully - version: 4.0.5 - missing functions: none
symbol engine: initialized successfully - sym options: 0x614 - pdb path: .;D:\Installation\JAVA17\bin;C:\WINDOWS\SYSTEM32;C:\WINDOWS\WinSxS\amd64_microsoft.windows.common-controls_6595b64144ccf1df_6.0.26100.8972_none_3e0da176e32f9d4b;D:\Installation\Dynatrace\agent\bin\1.343.92.20260813-103442\windows-x86-64;D:\Installation\JAVA17\bin\server

VM Arguments:
jvm_args: -Dmaven.home=D:\Software\apache-maven-3.9.3 -Dclassworlds.conf=D:\PROFESSIONALIT_GitRepository_WorkSpace\PIJRTP07_StockeMarket_Backend_API_Workspace\.metadata\.plugins\org.eclipse.m2e.launching\launches\m2conf1891052423997811619.tmp -Dmaven.multiModuleProjectDirectory=D:\PROFESSIONALIT_GitRepository_WorkSpace\PIJRTP07_StockeMarket_Backend_API_Workspace\sma-order-service -Dfile.encoding=UTF-8 -Dstdout.encoding=UTF-8 -Dstderr.encoding=UTF-8 -XX:+ShowCodeDetailsInExceptionMessages -agentpath:D:/Installation/Dynatrace/agent/bin/1.343.92.20260813-103442/windows-x86-64/oneagentjava.dll=loglevelcon=none,datastorage=C:\ProgramData\dynatrace\oneagent\datastorage,logdir=C:/ProgramData/dynatrace/oneagent/log 
java_command: org.codehaus.plexus.classworlds.launcher.Launcher -Ppom.xml -B -Dstyle.color=always -s D:\PROFESSIONALIT_GitRepository_WorkSpace\PIJRTP07_StockeMarket_Backend_API_Workspace\settings.xml install
java_class_path (initial): D:\Software\apache-maven-3.9.3\boot\plexus-classworlds-2.7.0.jar
Launcher Type: SUN_STANDARD

[Global flags]
     intx CICompilerCount                          = 4                                         {product} {ergonomic}
     uint ConcGCThreads                            = 3                                         {product} {ergonomic}
     uint G1ConcRefinementThreads                  = 10                                        {product} {ergonomic}
   size_t G1HeapRegionSize                         = 2097152                                   {product} {ergonomic}
    uintx GCDrainStackTargetSize                   = 64                                        {product} {ergonomic}
   size_t InitialHeapSize                          = 264241152                                 {product} {ergonomic}
   size_t MarkStackSize                            = 4194304                                   {product} {ergonomic}
   size_t MaxHeapSize                              = 4219469824                                {product} {ergonomic}
   size_t MinHeapDeltaBytes                        = 2097152                                   {product} {ergonomic}
   size_t MinHeapSize                              = 8388608                                   {product} {ergonomic}
    uintx NonNMethodCodeHeapSize                   = 5839372                                {pd product} {ergonomic}
    uintx NonProfiledCodeHeapSize                  = 122909434                              {pd product} {ergonomic}
    uintx ProfiledCodeHeapSize                     = 122909434                              {pd product} {ergonomic}
    uintx ReservedCodeCacheSize                    = 251658240                              {pd product} {ergonomic}
     bool SegmentedCodeCache                       = true                                      {product} {ergonomic}
     bool ShowCodeDetailsInExceptionMessages       = true                                   {manageable} {command line}
   size_t SoftMaxHeapSize                          = 4219469824                             {manageable} {ergonomic}
     bool UseCompressedClassPointers               = true                           {product lp64_product} {ergonomic}
     bool UseCompressedOops                        = true                           {product lp64_product} {ergonomic}
     bool UseG1GC                                  = true                                      {product} {ergonomic}
     bool UseLargePagesIndividualAllocation        = false                                  {pd product} {ergonomic}

Logging:
Log output configuration:
 #0: stdout all=warning uptime,level,tags
 #1: stderr all=off uptime,level,tags

Environment Variables:
JAVA_HOME=D:\Installation\JAVA17
PATH=D:/Software/sts-4.20.1.RELEASE//plugins/org.eclipse.justj.openjdk.hotspot.jre.full.win32.x86_64_17.0.8.v20230831-1047/jre/bin/server;D:/Software/sts-4.20.1.RELEASE//plugins/org.eclipse.justj.openjdk.hotspot.jre.full.win32.x86_64_17.0.8.v20230831-1047/jre/bin;C:\Windows\System32\WindowsPowerShell\v1.0\;D:\FULL_STACK_JAVA_BATCH\NI_JRTP03\Software\apache-maven-3.8.8-bin\apache-maven-3.8.8\bin;C:\WINDOWS\system32;C:\WINDOWS;C:\WINDOWS\System32\Wbem;C:\WINDOWS\System32\OpenSSH\;System.Collections.Hashtable;C:\WINDOWS\System32\WindowsPowerShell\v1.0\;D:\Installation\NodeJs;C:\Program Files\Git\cmd;D:\Installation\Python;D:\Software\otp_win64_28.5\bin;C:\Program Files\Docker\Docker\resources\bin;C:\Users\manis.MANISH\AppData\Roaming\npm;C:\Windows\System32\WindowsPowerShell\v1.0\;D:\FULL_STACK_JAVA_BATCH\NI_JRTP03\Software\apache-maven-3.8.8-bin\apache-maven-3.8.8\bin;C:\WINDOWS\system32;C:\WINDOWS;C:\WINDOWS\System32\Wbem;C:\WINDOWS\System32\OpenSSH\;System.Collections.Hashtable;C:\WINDOWS\System32\WindowsPowerShell\v1.0\;D:\Installation\NodeJs;C:\Program Files\Git\cmd;D:\Installation\Python;C:\Program Files\Docker\Docker\resources\bin;D:\Software\otp_win64_29.0.4\bin;C:\Windows\System32\WindowsPowerShell\v1.0\;D:\FULL_STACK_JAVA_BATCH\NI_JRTP03\Software\apache-maven-3.8.8-bin\apache-maven-3.8.8\bin;C:\WINDOWS\system32;C:\WINDOWS;C:\WINDOWS\System32\Wbem;C:\WINDOWS\System32\OpenSSH\;System.Collections.Hashtable;C:\WINDOWS\System32\WindowsPowerShell\v1.0\;D:\Installation\NodeJs;C:\Program Files\Git\cmd;D:\Installation\Python;;C:\Program Files\Docker\Docker\resources\bin;C:\Users\manis.MANISH\AppData\Local\Programs\Python\Launcher\;C:\WINDOWS\system32\config\systemprofile\AppData\Local\Microsoft\WindowsApps;D:\Installation\Lens\resources\cli\;D:\Installation\VSCode\Microsoft VS Code\bin;D:\Software\sts-4.20.1.RELEASE;
USERNAME=manis
OS=Windows_NT
PROCESSOR_IDENTIFIER=Intel64 Family 6 Model 154 Stepping 3, GenuineIntel



---------------  S Y S T E M  ---------------

OS:
 Windows 11 , 64 bit Build 26100 (10.0.26100.8972)
OS uptime: 3 days 17:37 hours
Hyper-V role detected

CPU: total 12 (initial active 12) (6 cores per cpu, 2 threads per core) family 6 model 154 stepping 3 microcode 0x421, cx8, cmov, fxsr, ht, mmx, 3dnowpref, sse, sse2, sse3, ssse3, sse4.1, sse4.2, popcnt, lzcnt, tsc, tscinvbit, avx, avx2, aes, erms, clmul, bmi1, bmi2, adx, sha, fma, vzeroupper, clflush, clflushopt, clwb, hv

Memory: 4k page, system-wide physical 16091M (1062M free)
TotalPageFile size 34841M (AvailPageFile size 241M)
current process WorkingSet (physical memory assigned to process): 49M, peak: 49M
current process commit charge ("private bytes"): 91M, peak: 343M

vm_info: Java HotSpot(TM) 64-Bit Server VM (17.0.8+9-LTS-211) for windows-amd64 JRE (17.0.8+9-LTS-211), built on Jun 14 2023 10:34:31 by "mach5one" with MS VC++ 17.1 (VS2022)

END.
